AR clkgen behavioral /mnt/c/Users/duric/OneDrive/Dokumenty/skola/ivh/Projects/proj_template/clkgen.vhd sub00/vhpl16 1683574530
EN cnt_for_n NULL /mnt/c/Users/duric/OneDrive/Dokumenty/skola/ivh/Projects/proj_template/proj_template/counter_N.vhd sub00/vhpl06 1683395575
PH effects_pack NULL /mnt/c/Users/duric/OneDrive/Dokumenty/skola/ivh/Projects/proj_template/proj_template/effects_pack.vhd sub00/vhpl00 1683574516
EN rom NULL /mnt/c/Users/duric/OneDrive/Dokumenty/skola/ivh/Projects/proj_template/proj_template/ROM.vhd sub00/vhpl02 1683503125
EN counter_8 NULL /mnt/c/Users/duric/OneDrive/Dokumenty/skola/ivh/Projects/proj_template/counter_8.vhd sub00/vhpl20 1683462911
AR rom behavioral /mnt/c/Users/duric/OneDrive/Dokumenty/skola/ivh/Projects/proj_template/proj_template/ROM.vhd sub00/vhpl03 1683503126
EN cnt NULL /mnt/c/Users/duric/OneDrive/Dokumenty/skola/ivh/Projects/proj_template/CNT.vhd sub00/vhpl22 1683574520
EN stlpec NULL /mnt/c/Users/duric/OneDrive/Dokumenty/skola/ivh/Projects/proj_template/proj_template/column.vhd sub00/vhpl24 1683574518
AR cnt behavioral /mnt/c/Users/duric/OneDrive/Dokumenty/skola/ivh/Projects/proj_template/CNT.vhd sub00/vhpl23 1683574521
EN counter_48 NULL /mnt/c/Users/duric/OneDrive/Dokumenty/skola/ivh/Projects/proj_template/counter_48.vhd sub00/vhpl04 1683471953
AR sloupec behavioral /mnt/c/Users/duric/OneDrive/Dokumenty/skola/ivh/Projects/proj_template/proj_template/column.vhd sub00/vhpl09 1683502215
PB clkgen_cfg clkgen_cfg /mnt/c/Users/duric/OneDrive/Dokumenty/skola/ivh/Projects/proj_template/clkgen_config.vhd sub00/vhpl11 1683574525
EN tlv_gp_ifc NULL /mnt/c/Users/duric/OneDrive/Dokumenty/skola/ivh/Projects/proj_template/tlv_gp_ifc.vhd sub00/vhpl12 1683574526
AR fpga arch_gp_ifc /mnt/c/Users/duric/OneDrive/Dokumenty/skola/ivh/Projects/proj_template/fpga.vhd sub00/vhpl18 1683574532
EN memory NULL /mnt/c/Users/duric/OneDrive/Dokumenty/skola/ivh/Projects/proj_template/proj_template/ROM.vhd sub00/vhpl26 1683574522
EN clkgen NULL /mnt/c/Users/duric/OneDrive/Dokumenty/skola/ivh/Projects/proj_template/clkgen.vhd sub00/vhpl15 1683574529
AR tlv_gp_ifc behavioral /mnt/c/Users/duric/OneDrive/Dokumenty/skola/ivh/Projects/proj_template/proj_template/fpga_inst.vhd sub00/vhpl19 1683574533
AR counter_48 behavioral /mnt/c/Users/duric/OneDrive/Dokumenty/skola/ivh/Projects/proj_template/counter_48.vhd sub00/vhpl05 1683471954
AR counter_8 behavioral /mnt/c/Users/duric/OneDrive/Dokumenty/skola/ivh/Projects/proj_template/counter_8.vhd sub00/vhpl21 1683462912
AR fsm behavioral /mnt/c/Users/duric/OneDrive/Dokumenty/skola/ivh/Projects/proj_template/proj_template/FSM.vhd sub00/vhpl14 1683574528
AR memory behavioral /mnt/c/Users/duric/OneDrive/Dokumenty/skola/ivh/Projects/proj_template/proj_template/ROM.vhd sub00/vhpl27 1683574523
EN fpga NULL /mnt/c/Users/duric/OneDrive/Dokumenty/skola/ivh/Projects/proj_template/fpga.vhd sub00/vhpl17 1683574531
EN fsm NULL /mnt/c/Users/duric/OneDrive/Dokumenty/skola/ivh/Projects/proj_template/proj_template/FSM.vhd sub00/vhpl13 1683574527
AR stlpec behavioral /mnt/c/Users/duric/OneDrive/Dokumenty/skola/ivh/Projects/proj_template/proj_template/column.vhd sub00/vhpl25 1683574519
PH clkgen_cfg NULL /mnt/c/Users/duric/OneDrive/Dokumenty/skola/ivh/Projects/proj_template/clkgen_config.vhd sub00/vhpl10 1683574524
EN sloupec NULL /mnt/c/Users/duric/OneDrive/Dokumenty/skola/ivh/Projects/proj_template/proj_template/column.vhd sub00/vhpl08 1683502214
PB effects_pack effects_pack /mnt/c/Users/duric/OneDrive/Dokumenty/skola/ivh/Projects/proj_template/proj_template/effects_pack.vhd sub00/vhpl01 1683574517
AR cnt_for_n behavioral /mnt/c/Users/duric/OneDrive/Dokumenty/skola/ivh/Projects/proj_template/proj_template/counter_N.vhd sub00/vhpl07 1683395576
