EN cnt_for_n NULL //vboxsvr/fitkit-vbox-202103/proj_template/counter_N.vhd sub00/vhpl16 1683322066
AR cnt_for_n behavioral //vboxsvr/fitkit-vbox-202103/proj_template/counter_N.vhd sub00/vhpl17 1683322067
PB effects_pack effects_pack //vboxsvr/fitkit-vbox-202103/proj_template/effects_pack.vhd sub00/vhpl08 1683322061
EN rom NULL //vboxsvr/fitkit-vbox-202103/proj_template/ROM.vhd sub00/vhpl00 1683322062
AR fpga arch_gp_ifc //vboxsvr/fitkit-vbox-202103/proj_template/fpga.vhd sub00/vhpl15 1683322078
EN counter_48 NULL //vboxsvr/fitkit-vbox-202103/proj_template/counter_48.vhd sub00/vhpl20 1683322064
AR sloupec behavioral //vboxsvr/fitkit-vbox-202103/proj_template/column.vhd sub00/vhpl19 1683322069
EN tlv_gp_ifc NULL //vboxsvr/fitkit-vbox-202103/proj_template/tlv_gp_ifc.vhd sub00/vhpl02 1683322072
AR column behavioral //vboxsvr/fitkit-vbox-202103/proj_template/column.vhd sub00/vhpl06 1682957391
AR tlv_gp_ifc behavioral //vboxsvr/fitkit-vbox-202103/proj_template/fpga_inst.vhd sub00/vhpl09 1683322079
PH effects_pack NULL //vboxsvr/fitkit-vbox-202103/proj_template/effects_pack.vhd sub00/vhpl07 1683322060
EN clkgen NULL //vboxsvr/fitkit-vbox-202103/proj_template/clkgen.vhd sub00/vhpl12 1683322075
EN fpga NULL //vboxsvr/fitkit-vbox-202103/proj_template/fpga.vhd sub00/vhpl14 1683322077
EN fsm NULL //vboxsvr/fitkit-vbox-202103/proj_template/FSM.vhd sub00/vhpl03 1683322073
AR counter_48 behavioral //vboxsvr/fitkit-vbox-202103/proj_template/counter_48.vhd sub00/vhpl21 1683322065
PH clkgen_cfg NULL //vboxsvr/fitkit-vbox-202103/proj_template/clkgen_config.vhd sub00/vhpl10 1683322070
EN sloupec NULL //vboxsvr/fitkit-vbox-202103/proj_template/column.vhd sub00/vhpl18 1683322068
AR rom behavioral //vboxsvr/fitkit-vbox-202103/proj_template/ROM.vhd sub00/vhpl01 1683322063
EN column NULL //vboxsvr/fitkit-vbox-202103/proj_template/column.vhd sub00/vhpl05 1682957390
AR fsm behavioral //vboxsvr/fitkit-vbox-202103/proj_template/FSM.vhd sub00/vhpl04 1683322074
PB clkgen_cfg clkgen_cfg //vboxsvr/fitkit-vbox-202103/proj_template/clkgen_config.vhd sub00/vhpl11 1683322071
AR clkgen behavioral //vboxsvr/fitkit-vbox-202103/proj_template/clkgen.vhd sub00/vhpl13 1683322076
