V3 41
FL //vboxsvr/fitkit-vbox-202103/proj_template/clkgen.vhd 2023/04/28.19:13:34 O.40d
EN work/clkgen 1683322075 \
      FL //vboxsvr/fitkit-vbox-202103/proj_template/clkgen.vhd \
      PB ieee/std_logic_1164 1296775758 PB ieee/NUMERIC_STD 1296775759 \
      PB work/clkgen_cfg 1683322071 LB UNISIM PH unisim/VCOMPONENTS 1296775759
AR work/clkgen/BEHAVIORAL 1683322076 \
      FL //vboxsvr/fitkit-vbox-202103/proj_template/clkgen.vhd EN work/clkgen 1683322075 \
      CP BUFG CP IBUFG CP DCM
FL //vboxsvr/fitkit-vbox-202103/proj_template/clkgen_config.vhd 2023/04/28.19:13:34 O.40d
PH work/clkgen_cfg 1683322070 \
      FL //vboxsvr/fitkit-vbox-202103/proj_template/clkgen_config.vhd \
      PB ieee/std_logic_1164 1296775758 PB ieee/std_logic_arith 1296775759
PB work/clkgen_cfg 1683322071 \
      FL //vboxsvr/fitkit-vbox-202103/proj_template/clkgen_config.vhd \
      PH work/clkgen_cfg 1683322070
FL //vboxsvr/fitkit-vbox-202103/proj_template/column.vhd 2023/05/05.23:01:09 O.40d
EN work/sloupec 1683322068 \
      FL //vboxsvr/fitkit-vbox-202103/proj_template/column.vhd \
      PB ieee/std_logic_1164 1296775758 PB ieee/NUMERIC_STD 1296775759 \
      PB work/effects_pack 1683322061
AR work/sloupec/Behavioral 1683322069 \
      FL //vboxsvr/fitkit-vbox-202103/proj_template/column.vhd EN work/sloupec 1683322068
FL //vboxsvr/fitkit-vbox-202103/proj_template/counter_48.vhd 2023/05/05.23:09:14 O.40d
EN work/counter_48 1683322064 \
      FL //vboxsvr/fitkit-vbox-202103/proj_template/counter_48.vhd \
      PB ieee/std_logic_1164 1296775758 PB ieee/NUMERIC_STD 1296775759 \
      PB ieee/STD_LOGIC_UNSIGNED 1296775760
AR work/counter_48/Behavioral 1683322065 \
      FL //vboxsvr/fitkit-vbox-202103/proj_template/counter_48.vhd \
      EN work/counter_48 1683322064
FL //vboxsvr/fitkit-vbox-202103/proj_template/counter_N.vhd 2023/05/05.23:01:09 O.40d
EN work/cnt_for_n 1683322066 \
      FL //vboxsvr/fitkit-vbox-202103/proj_template/counter_N.vhd \
      PB ieee/std_logic_1164 1296775758 PB ieee/NUMERIC_STD 1296775759 \
      PB ieee/STD_LOGIC_UNSIGNED 1296775760
AR work/cnt_for_n/Behavioral 1683322067 \
      FL //vboxsvr/fitkit-vbox-202103/proj_template/counter_N.vhd \
      EN work/cnt_for_n 1683322066
FL //vboxsvr/fitkit-vbox-202103/proj_template/effects_pack.vhd 2023/05/05.23:12:59 O.40d
PH work/effects_pack 1683322060 \
      FL //vboxsvr/fitkit-vbox-202103/proj_template/effects_pack.vhd \
      PB ieee/std_logic_1164 1296775758
PB work/effects_pack 1683322061 \
      FL //vboxsvr/fitkit-vbox-202103/proj_template/effects_pack.vhd \
      PH work/effects_pack 1683322060
FL //vboxsvr/fitkit-vbox-202103/proj_template/fpga.vhd 2023/04/28.19:13:34 O.40d
EN work/fpga 1683322077 FL //vboxsvr/fitkit-vbox-202103/proj_template/fpga.vhd \
      PB ieee/std_logic_1164 1296775758 PB work/clkgen_cfg 1683322071
AR work/fpga/arch_gp_ifc 1683322078 \
      FL //vboxsvr/fitkit-vbox-202103/proj_template/fpga.vhd EN work/fpga 1683322077 \
      CP work/clkgen CP tlv_gp_ifc
FL //vboxsvr/fitkit-vbox-202103/proj_template/fpga_inst.vhd 2023/05/05.23:01:09 O.40d
AR work/tlv_gp_ifc/Behavioral 1683322079 \
      FL //vboxsvr/fitkit-vbox-202103/proj_template/fpga_inst.vhd \
      EN work/tlv_gp_ifc 1683322072 PB ieee/std_logic_1164 1296775758 \
      PB ieee/STD_LOGIC_UNSIGNED 1296775760 AR work/fsm/behavioral 1683322074
FL //vboxsvr/fitkit-vbox-202103/proj_template/FSM.vhd 2023/05/05.23:27:31 O.40d
EN work/FSM 1683322073 FL //vboxsvr/fitkit-vbox-202103/proj_template/FSM.vhd \
      PB ieee/std_logic_1164 1296775758 PB ieee/NUMERIC_STD 1296775759 \
      PB ieee/STD_LOGIC_UNSIGNED 1296775760 PB work/effects_pack 1683322061
AR work/fsm/behavioral 1683322074 \
      FL //vboxsvr/fitkit-vbox-202103/proj_template/FSM.vhd EN work/FSM 1683322073 \
      CP rom CP work/counter_48 CP work/cnt_for_n CP sloupec
FL //vboxsvr/fitkit-vbox-202103/proj_template/ROM.vhd 2023/05/05.23:17:30 O.40d
EN work/ROM 1683322062 FL //vboxsvr/fitkit-vbox-202103/proj_template/ROM.vhd \
      PB ieee/std_logic_1164 1296775758 PB ieee/NUMERIC_STD 1296775759
AR work/rom/behavioral 1683322063 \
      FL //vboxsvr/fitkit-vbox-202103/proj_template/ROM.vhd EN work/ROM 1683322062
FL //vboxsvr/fitkit-vbox-202103/proj_template/tlv_gp_ifc.vhd 2023/04/28.19:13:34 O.40d
EN work/tlv_gp_ifc 1683322072 \
      FL //vboxsvr/fitkit-vbox-202103/proj_template/tlv_gp_ifc.vhd \
      PB ieee/std_logic_1164 1296775758
